2026-05-22 11:51:01 | [PASS] Docker running
2026-05-22 11:51:01 | [PASS] Container slh_bot running
2026-05-22 11:51:01 | [FAIL] Heartbeat stale: 11644473604s
2026-05-22 11:51:01 | [PASS] API reachable. Docker=stopped, BinanceWS=disconnected
2026-05-22 11:51:01 | [PASS] AI Model loaded: XGBoost
2026-05-22 11:51:01 | [INFO] Ngrok not running (optional)
2026-05-22 11:51:01 | [PASS] Telegram API reachable
2026-05-22 11:51:01 | [WARN] Supervisor process not found (may be inside Docker)
2026-05-22 11:51:01 | OVERALL: 1 component(s) need attention
2026-05-22 11:53:46 | [PASS] Docker running
2026-05-22 11:53:46 | [PASS] Container slh_bot running
2026-05-22 11:53:46 | [PASS] Heartbeat: 1.2s ago
2026-05-22 11:53:46 | [PASS] API reachable (status may be placeholder)
2026-05-22 11:53:46 | [PASS] AI Model loaded: XGBoost
2026-05-22 11:53:46 | [INFO] Ngrok not running (optional)
2026-05-22 11:53:46 | [PASS] Telegram API reachable
2026-05-22 11:53:46 | [WARN] Supervisor process not detected (may be hidden)
2026-05-22 11:53:46 | OVERALL: ALL SYSTEMS OPERATIONAL
2026-05-22 11:58:59 | [PASS] Docker running
2026-05-22 11:58:59 | [PASS] Container slh_bot running
2026-05-22 11:58:59 | [PASS] Heartbeat: 2.5s ago
2026-05-22 11:58:59 | [PASS] API reachable (status may be placeholder)
2026-05-22 11:58:59 | [PASS] AI Model loaded: XGBoost
2026-05-22 11:58:59 | [INFO] Ngrok not running (optional)
2026-05-22 11:58:59 | [PASS] Telegram API reachable
2026-05-22 11:58:59 | [WARN] Supervisor process not detected (may be hidden)
2026-05-22 11:58:59 | OVERALL: ALL SYSTEMS OPERATIONAL
2026-05-22 12:02:38 | [PASS] Docker running
2026-05-22 12:02:38 | [FAIL] Container not running
2026-05-22 12:02:38 | [PASS] Heartbeat: 43.6s ago
2026-05-22 12:02:38 | [FAIL] API not reachable
2026-05-22 12:02:38 | [FAIL] Cannot query AI
2026-05-22 12:02:38 | [INFO] Ngrok not running (optional)
2026-05-22 12:02:38 | [PASS] Telegram API reachable
2026-05-22 12:02:38 | [WARN] Supervisor process not detected (may be hidden)
2026-05-22 12:02:38 | OVERALL: 3 component(s) need attention
2026-05-22 12:09:54 | [PASS] Docker running
2026-05-22 12:09:54 | [PASS] Container slh_bot running
2026-05-22 12:09:54 | [PASS] Heartbeat: 1s ago
2026-05-22 12:09:54 | [PASS] API reachable (status may be placeholder)
2026-05-22 12:09:54 | [PASS] AI Model loaded: XGBoost
2026-05-22 12:09:54 | [INFO] Ngrok not running (optional)
2026-05-22 12:09:54 | [PASS] Telegram API reachable
2026-05-22 12:09:54 | [WARN] Supervisor process not detected (may be hidden)
2026-05-22 12:09:54 | OVERALL: ALL SYSTEMS OPERATIONAL
2026-05-22 12:10:30 | [PASS] Docker running
2026-05-22 12:10:30 | [PASS] Container slh_bot running
2026-05-22 12:10:30 | [PASS] Heartbeat: 2.1s ago (Excellent)
2026-05-22 12:10:30 |    Last heartbeat: 05/22/2026 12:10:29
2026-05-22 12:10:30 | [PASS] Control API reachable
2026-05-22 12:10:30 | [PASS] AI Model loaded: XGBoost
2026-05-22 12:10:30 | [WARN] Supervisor process not detected
2026-05-22 12:10:30 | OVERALL: ALL SYSTEMS OPERATIONAL
2026-05-22 12:11:28 | [PASS] Docker running
2026-05-22 12:11:28 | [PASS] Container slh_bot running
2026-05-22 12:11:28 | [PASS] Heartbeat: 2s ago from Unknown (legacy)
2026-05-22 12:11:28 |    Last update: 05/22/2026 12:11:27
2026-05-22 12:11:28 | [PASS] Control API reachable
2026-05-22 12:11:28 | [PASS] AI Model loaded: XGBoost
2026-05-22 12:11:28 | [WARN] Supervisor process not detected in PowerShell
2026-05-22 12:11:28 | OVERALL: ALL SYSTEMS OPERATIONAL
2026-05-22 12:20:32 | [PASS] Docker running
2026-05-22 12:20:32 | [PASS] Container slh_bot running
2026-05-22 12:20:32 | [PASS] Heartbeat: 1.4s ago from Unknown (legacy)
2026-05-22 12:20:32 |    Last update: 05/22/2026 12:20:31
2026-05-22 12:20:32 | [PASS] Control API reachable
2026-05-22 12:20:32 | [PASS] AI Model loaded: XGBoost
2026-05-22 12:20:32 | [WARN] Supervisor not detected
2026-05-22 12:20:32 | OVERALL: ALL SYSTEMS OPERATIONAL
2026-05-22 12:23:37 | [PASS] Docker running
2026-05-22 12:23:37 | [PASS] Container slh_bot running
2026-05-22 12:23:37 | [PASS] Heartbeat: 2.7s ago from Unknown (legacy)
2026-05-22 12:23:37 |    Last update: 05/22/2026 12:23:35
2026-05-22 12:23:37 | [PASS] Control API reachable
2026-05-22 12:23:37 | [PASS] AI Model loaded: XGBoost
2026-05-22 12:23:37 | [WARN] Supervisor not detected
2026-05-22 12:23:37 | OVERALL: ALL SYSTEMS OPERATIONAL
2026-05-22 12:24:40 | [PASS] Docker running
2026-05-22 12:24:40 | [PASS] Container slh_bot running
2026-05-22 12:24:40 | [PASS] Heartbeat: 2.1s ago from Unknown (legacy)
2026-05-22 12:24:40 |    Last update: 05/22/2026 12:24:39
2026-05-22 12:24:40 | [PASS] Control API reachable
2026-05-22 12:24:40 | [PASS] AI Model loaded: XGBoost
2026-05-22 12:24:40 | [WARN] Supervisor not detected
2026-05-22 12:24:40 | OVERALL: ALL SYSTEMS OPERATIONAL
2026-05-22 12:25:42 | [PASS] Docker running
2026-05-22 12:25:42 | [PASS] Container slh_bot running
2026-05-22 12:25:42 | [PASS] Heartbeat: 1.5s ago from Unknown (legacy)
2026-05-22 12:25:42 |    Last update: 05/22/2026 12:25:41
2026-05-22 12:25:42 | [PASS] Control API reachable
2026-05-22 12:25:42 | [PASS] AI Model loaded: XGBoost
2026-05-22 12:25:42 | [WARN] Supervisor not detected in PowerShell
2026-05-22 12:25:42 | OVERALL: ALL SYSTEMS OPERATIONAL
2026-05-22 12:35:24 | [PASS] Docker running
2026-05-22 12:35:24 | [PASS] Container slh_bot running
2026-05-22 12:35:24 | [PASS] Heartbeat: 1.2s ago from Unknown (legacy)
2026-05-22 12:35:24 |    Last update: 05/22/2026 12:35:24
2026-05-22 12:35:24 | [PASS] Control API reachable
2026-05-22 12:35:24 | [PASS] AI Model loaded: XGBoost
2026-05-22 12:35:24 | [WARN] Supervisor not detected in PowerShell
2026-05-22 12:35:24 | OVERALL: ALL SYSTEMS OPERATIONAL
2026-05-22 12:35:39 | [PASS] Docker running
2026-05-22 12:35:39 | [PASS] Container slh_bot running
2026-05-22 12:35:39 | [PASS] Heartbeat: 0.7s ago from Unknown (legacy)
2026-05-22 12:35:39 |    Last update: 05/22/2026 12:35:39
2026-05-22 12:35:39 | [PASS] Control API reachable
2026-05-22 12:35:39 | [PASS] AI Model loaded: XGBoost
2026-05-22 12:35:39 | [WARN] Supervisor not detected in PowerShell
2026-05-22 12:35:39 | OVERALL: ALL SYSTEMS OPERATIONAL
2026-05-22 13:07:17 | [PASS] Docker running
2026-05-22 13:07:17 | [PASS] Container slh_bot running
2026-05-22 13:07:17 | [PASS] Heartbeat: 2.9s ago from Unknown (legacy)
2026-05-22 13:07:17 |    Last update: 05/22/2026 13:07:15
2026-05-22 13:07:17 | [PASS] Control API reachable
2026-05-22 13:07:17 | [PASS] AI Model loaded: XGBoost
2026-05-22 13:07:17 | [INFO] Supervisor running outside PowerShell detection
2026-05-22 13:07:17 | OVERALL: ALL SYSTEMS OPERATIONAL
2026-05-22 13:10:03 | [PASS] Docker running
2026-05-22 13:10:03 | [PASS] Container slh_bot running
2026-05-22 13:10:03 | [PASS] Heartbeat: active (legacy)
2026-05-22 13:10:03 | [PASS] Control API reachable
2026-05-22 13:10:03 | [PASS] AI Model loaded: XGBoost
2026-05-22 13:10:03 | [INFO] Supervisor running (external)
2026-05-22 13:10:03 | OVERALL: ALL SYSTEMS OPERATIONAL
2026-05-22 13:12:58 | [PASS] Docker running
2026-05-22 13:12:58 | [PASS] Container slh_bot running
2026-05-22 13:12:58 | [PASS] Heartbeat: 5s ago from MainBot
2026-05-22 13:12:58 |    Last update: 05/22/2026 13:12:53
2026-05-22 13:12:58 | [PASS] Control API reachable
2026-05-22 13:12:58 | [PASS] AI Model loaded: XGBoost
2026-05-22 13:12:58 | [INFO] Supervisor running outside PowerShell detection
2026-05-22 13:12:58 | OVERALL: ALL SYSTEMS OPERATIONAL
2026-05-22 13:15:36 | [PASS] Docker running
2026-05-22 13:15:36 | [PASS] Container slh_bot running
2026-05-22 13:15:36 | [PASS] Heartbeat: 3.6s ago from MainBot
2026-05-22 13:15:36 | [PASS] Control API reachable
2026-05-22 13:15:36 | [PASS] AI Model loaded: XGBoost
2026-05-22 13:15:36 | [INFO] Supervisor running (external)
2026-05-22 13:15:36 | OVERALL: ALL SYSTEMS OPERATIONAL
2026-05-22 13:19:15 | [PASS] Docker running
2026-05-22 13:19:15 | [PASS] Container slh_bot running
2026-05-22 13:19:15 | [PASS] Heartbeat: 0.9s ago from MainBot
2026-05-22 13:19:15 | [PASS] Control API reachable
2026-05-22 13:19:15 | [PASS] AI Model loaded: XGBoost
2026-05-22 13:19:15 | [INFO] Supervisor running (external)
2026-05-22 13:19:15 | OVERALL: ALL SYSTEMS OPERATIONAL
2026-05-22 13:21:16 | [PASS] Docker running
2026-05-22 13:21:16 | [PASS] Container slh_bot running
2026-05-22 13:21:16 | [PASS] Heartbeat: 3.3s ago from MainBot
2026-05-22 13:21:16 | [PASS] Control API reachable
2026-05-22 13:21:16 | [PASS] AI Model loaded: XGBoost
2026-05-22 13:21:16 | [INFO] Supervisor running (external)
2026-05-22 13:21:16 | OVERALL: ALL SYSTEMS OPERATIONAL
2026-05-22 13:22:20 | [PASS] Docker running
2026-05-22 13:22:20 | [PASS] Container slh_bot running
2026-05-22 13:22:20 | [PASS] Heartbeat: 1.2s ago from MainBot
2026-05-22 13:22:20 | [PASS] Control API reachable
2026-05-22 13:22:20 | [PASS] AI Model loaded: XGBoost
2026-05-22 13:22:20 | [INFO] Supervisor running (external)
2026-05-22 13:22:20 | OVERALL: ALL SYSTEMS OPERATIONAL
2026-05-22 13:23:41 | [PASS] Docker running
2026-05-22 13:23:41 | [PASS] Container slh_bot running
2026-05-22 13:23:41 | [PASS] Heartbeat: 6.1s ago from MainBot
2026-05-22 13:23:41 | [PASS] Control API reachable
2026-05-22 13:23:41 | [PASS] AI Model loaded: XGBoost
2026-05-22 13:23:41 | [INFO] Supervisor running (external)
2026-05-22 13:23:41 | OVERALL: ALL SYSTEMS OPERATIONAL
2026-05-22 13:41:23 | [PASS] Docker running
2026-05-22 13:41:23 | [FAIL] Container not running
2026-05-22 13:41:23 | [PASS] Heartbeat: 210.3s ago from MainBot
2026-05-22 13:41:23 | [PASS] Control API reachable
2026-05-22 13:41:23 | [PASS] AI Model loaded: XGBoost
2026-05-22 13:41:23 | [INFO] Supervisor running (external)
2026-05-22 13:41:23 | OVERALL: ALL SYSTEMS OPERATIONAL
2026-05-22 14:06:04 | [PASS] Docker running
2026-05-22 14:06:04 | [PASS] Container slh_bot running
2026-05-22 14:06:04 | [PASS] Heartbeat: 0.8s ago from MainBot
2026-05-22 14:06:04 | [PASS] Control API reachable
2026-05-22 14:06:04 | [PASS] AI Model loaded: XGBoost
2026-05-22 14:06:04 | [INFO] Supervisor running (external)
2026-05-22 14:06:04 | OVERALL: ALL SYSTEMS OPERATIONAL
2026-05-22 14:09:09 | [PASS] Docker running
2026-05-22 14:09:09 | [PASS] Container slh_bot running
2026-05-22 14:09:09 | [PASS] Heartbeat: 6.6s ago from MainBot
2026-05-22 14:09:09 | [PASS] Control API reachable
2026-05-22 14:09:09 | [PASS] AI Model loaded: XGBoost
2026-05-22 14:09:09 | [INFO] Supervisor running (external)
2026-05-22 14:09:09 | OVERALL: ALL SYSTEMS OPERATIONAL
2026-05-22 14:32:45 | [PASS] Docker running
2026-05-22 14:32:45 | [PASS] Container slh_bot running
2026-05-22 14:32:45 | [PASS] Heartbeat: 0.8s ago from MainBot
2026-05-22 14:32:45 | [PASS] Control API reachable
2026-05-22 14:32:45 | [PASS] AI Model loaded: XGBoost
2026-05-22 14:32:45 | [INFO] Supervisor running (external)
2026-05-22 14:32:45 | OVERALL: ALL SYSTEMS OPERATIONAL
2026-05-22 15:03:04 | [PASS] Docker running
2026-05-22 15:03:04 | [PASS] Container slh_bot running
2026-05-22 15:03:04 | [PASS] Heartbeat: 1465.4s ago from MainBot
2026-05-22 15:03:04 | [PASS] Control API reachable
2026-05-22 15:03:04 | [PASS] AI Model loaded: XGBoost
2026-05-22 15:03:04 | [INFO] Supervisor running (external)
2026-05-22 15:03:04 | OVERALL: ALL SYSTEMS OPERATIONAL
2026-05-22 15:03:10 | [PASS] Docker running
2026-05-22 15:03:10 | [PASS] Container slh_bot running
2026-05-22 15:03:10 | [PASS] Heartbeat: 1470.7s ago from MainBot
2026-05-22 15:03:10 | [PASS] Control API reachable
2026-05-22 15:03:10 | [PASS] AI Model loaded: XGBoost
2026-05-22 15:03:10 | [INFO] Supervisor running (external)
2026-05-22 15:03:10 | OVERALL: ALL SYSTEMS OPERATIONAL
2026-05-22 15:26:50 | [PASS] Docker running
2026-05-22 15:26:50 | [PASS] Container slh_bot running
2026-05-22 15:26:50 | [PASS] Heartbeat: 1s ago from MainBot
2026-05-22 15:26:50 | [PASS] Control API reachable
2026-05-22 15:26:50 | [PASS] AI Model loaded: XGBoost
2026-05-22 15:26:50 | [INFO] Supervisor running (external)
2026-05-22 15:26:50 | OVERALL: ALL SYSTEMS OPERATIONAL
2026-05-22 15:49:25 | [PASS] Docker running
2026-05-22 15:49:25 | [PASS] Container slh_bot running
2026-05-22 15:49:25 | [PASS] Heartbeat: 13.8s ago from MainBot
2026-05-22 15:49:25 | [PASS] Control API reachable
2026-05-22 15:49:25 | [PASS] AI Model loaded: XGBoost
2026-05-22 15:49:25 | [INFO] Supervisor running (external)
2026-05-22 15:49:25 | OVERALL: ALL SYSTEMS OPERATIONAL
2026-05-22 15:55:45 | [PASS] Docker running
2026-05-22 15:55:45 | [PASS] Container slh_bot running
2026-05-22 15:55:45 | [PASS] Heartbeat: 12.8s ago from MainBot
2026-05-22 15:55:45 | [PASS] Control API reachable
2026-05-22 15:55:45 | [PASS] AI Model loaded: XGBoost
2026-05-22 15:55:45 | [INFO] Supervisor running (external)
2026-05-22 15:55:45 | OVERALL: ALL SYSTEMS OPERATIONAL
2026-05-22 16:00:34 | [PASS] Docker running
2026-05-22 16:00:34 | [PASS] Container slh_bot running
2026-05-22 16:00:34 | [PASS] Heartbeat: 3.5s ago from MainBot
2026-05-22 16:00:34 | [PASS] Control API reachable
2026-05-22 16:00:34 | [PASS] AI Model loaded: XGBoost
2026-05-22 16:00:34 | [INFO] Supervisor running (external)
2026-05-22 16:00:34 | OVERALL: ALL SYSTEMS OPERATIONAL
2026-05-22 16:01:48 | [PASS] Docker running
2026-05-22 16:01:48 | [PASS] Container slh_bot running
2026-05-22 16:01:48 | [PASS] Heartbeat: 1.7s ago from MainBot
2026-05-22 16:01:48 | [PASS] Control API reachable
2026-05-22 16:01:48 | [PASS] AI Model loaded: XGBoost
2026-05-22 16:01:48 | [INFO] Supervisor running (external)
2026-05-22 16:01:48 | OVERALL: ALL SYSTEMS OPERATIONAL
2026-05-22 16:03:30 | [PASS] Docker running
2026-05-22 16:03:30 | [PASS] Container slh_bot running
2026-05-22 16:03:30 | [PASS] Heartbeat: 3.8s ago from MainBot
2026-05-22 16:03:30 | [PASS] Control API reachable
2026-05-22 16:03:30 | [PASS] AI Model loaded: XGBoost
2026-05-22 16:03:30 | [INFO] Supervisor running (external)
2026-05-22 16:03:30 | OVERALL: ALL SYSTEMS OPERATIONAL
2026-05-22 16:04:03 | [PASS] Docker running
2026-05-22 16:04:03 | [PASS] Container slh_bot running
2026-05-22 16:04:03 | [PASS] Heartbeat: 3.8s ago from MainBot
2026-05-22 16:04:03 | [PASS] Control API reachable
2026-05-22 16:04:03 | [PASS] AI Model loaded: XGBoost
2026-05-22 16:04:03 | [INFO] Supervisor running (external)
2026-05-22 16:04:03 | OVERALL: ALL SYSTEMS OPERATIONAL
2026-05-22 16:04:50 | [PASS] Docker running
2026-05-22 16:04:50 | [PASS] Container slh_bot running
2026-05-22 16:04:50 | [PASS] Heartbeat: 3.2s ago from MainBot
2026-05-22 16:04:50 | [PASS] Control API reachable
2026-05-22 16:04:50 | [PASS] AI Model loaded: XGBoost
2026-05-22 16:04:50 | [INFO] Supervisor running (external)
2026-05-22 16:04:50 | OVERALL: ALL SYSTEMS OPERATIONAL
2026-05-22 16:08:07 | [PASS] Docker running
2026-05-22 16:08:07 | [PASS] Container slh_bot running
2026-05-22 16:08:07 | [PASS] Heartbeat: 0.2s ago from MainBot
2026-05-22 16:08:07 | [PASS] Control API reachable
2026-05-22 16:08:07 | [PASS] AI Model loaded: XGBoost
2026-05-22 16:08:07 | [INFO] Supervisor running (external)
2026-05-22 16:08:07 | OVERALL: ALL SYSTEMS OPERATIONAL
2026-05-22 16:17:18 | [PASS] Docker running
2026-05-22 16:17:18 | [PASS] Container slh_bot running
2026-05-22 16:17:18 | [PASS] Heartbeat: 1.3s ago from MainBot
2026-05-22 16:17:18 | [PASS] Control API reachable
2026-05-22 16:17:18 | [PASS] AI Model loaded: XGBoost
2026-05-22 16:17:18 | [INFO] Supervisor running (external)
2026-05-22 16:17:18 | OVERALL: ALL SYSTEMS OPERATIONAL
2026-05-22 17:13:57 | [PASS] Docker running
2026-05-22 17:13:57 | [PASS] Container slh_bot running
2026-05-22 17:13:57 | [PASS] Heartbeat: 2088.8s ago from MainBot
2026-05-22 17:13:57 | [PASS] Control API reachable
2026-05-22 17:13:57 | [PASS] AI Model loaded: XGBoost
2026-05-22 17:13:57 | [INFO] Supervisor running (external)
2026-05-22 17:13:57 | OVERALL: ALL SYSTEMS OPERATIONAL
2026-05-22 18:36:36 | [PASS] Docker running
2026-05-22 18:36:36 | [PASS] Container slh_bot running
2026-05-22 18:36:36 | [PASS] Heartbeat: 7047.4s ago from MainBot
2026-05-22 18:36:36 | [PASS] Control API reachable
2026-05-22 18:36:36 | [PASS] AI Model loaded: XGBoost
2026-05-22 18:36:36 | [INFO] Supervisor running (external)
2026-05-22 18:36:36 | OVERALL: ALL SYSTEMS OPERATIONAL
2026-05-22 19:26:49 | [PASS] Docker running
2026-05-22 19:26:49 | [PASS] Container slh_bot running
2026-05-22 19:26:49 | [PASS] Heartbeat: 10059.8s ago from MainBot
2026-05-22 19:26:49 | [PASS] Control API reachable
2026-05-22 19:26:49 | [PASS] AI Model loaded: XGBoost
2026-05-22 19:26:49 | [INFO] Supervisor running (external)
2026-05-22 19:26:49 | OVERALL: ALL SYSTEMS OPERATIONAL
2026-05-22 22:18:06 | [PASS] Docker running
2026-05-22 22:18:06 | [PASS] Container slh_bot running
2026-05-22 22:18:06 | [PASS] Heartbeat: 20337.3s ago from MainBot
2026-05-22 22:18:06 | [PASS] Control API reachable
2026-05-22 22:18:06 | [PASS] AI Model loaded: XGBoost
2026-05-22 22:18:06 | [INFO] Supervisor running (external)
2026-05-22 22:18:06 | OVERALL: ALL SYSTEMS OPERATIONAL
2026-05-22 23:09:45 | [PASS] Docker running
2026-05-22 23:09:45 | [FAIL] Container not running
2026-05-22 23:09:45 | [PASS] Heartbeat: 23436.6s ago from MainBot
2026-05-22 23:09:45 | [PASS] Control API reachable
2026-05-22 23:09:45 | [PASS] AI Model loaded: XGBoost
2026-05-22 23:09:45 | [INFO] Supervisor running (external)
2026-05-22 23:09:45 | OVERALL: ALL SYSTEMS OPERATIONAL
2026-05-23 09:48:14 | [PASS] Docker running
2026-05-23 09:48:14 | [PASS] Container slh_bot running
2026-05-23 09:48:14 | [PASS] Heartbeat: 61745s ago from MainBot
2026-05-23 09:48:14 | [PASS] Control API reachable
2026-05-23 09:48:14 | [PASS] AI Model loaded: XGBoost
2026-05-23 09:48:14 | [INFO] Supervisor running (external)
2026-05-23 09:48:14 | OVERALL: ALL SYSTEMS OPERATIONAL
2026-05-23 09:48:20 | [PASS] Docker running
2026-05-23 09:48:20 | [PASS] Container slh_bot running
2026-05-23 09:48:20 | [PASS] Heartbeat: 61751.2s ago from MainBot
2026-05-23 09:48:20 | [PASS] Control API reachable
2026-05-23 09:48:20 | [PASS] AI Model loaded: XGBoost
2026-05-23 09:48:20 | [INFO] Supervisor running (external)
2026-05-23 09:48:20 | OVERALL: ALL SYSTEMS OPERATIONAL
2026-05-23 12:53:42 | [PASS] Docker running
2026-05-23 12:53:42 | [PASS] Container slh_bot running
2026-05-23 12:53:42 | [PASS] Heartbeat: 72873.7s ago from MainBot
2026-05-23 12:53:42 | [PASS] Control API reachable
2026-05-23 12:53:42 | [PASS] AI Model loaded: XGBoost
2026-05-23 12:53:42 | [INFO] Supervisor running (external)
2026-05-23 12:53:42 | OVERALL: ALL SYSTEMS OPERATIONAL
2026-05-23 13:09:28 | [PASS] Docker running
2026-05-23 13:09:28 | [PASS] Container slh_bot running
2026-05-23 13:09:28 | [PASS] Heartbeat: 73819.1s ago from MainBot
2026-05-23 13:09:28 | [PASS] Control API reachable
2026-05-23 13:09:28 | [PASS] AI Model loaded: XGBoost
2026-05-23 13:09:28 | [INFO] Supervisor running (external)
2026-05-23 13:09:28 | OVERALL: ALL SYSTEMS OPERATIONAL
