**********************
Windows PowerShell transcript start
Start time: 20260523002259
Username: OSIF2\USER
RunAs User: OSIF2\USER
Configuration Name: 
Machine: OSIF2 (Microsoft Windows NT 10.0.26200.0)
Host Application: C:\Windows\System32\WindowsPowerShell\v1.0\powershell.exe
Process ID: 10880
PSVersion: 5.1.26100.8457
PSEdition: Desktop
PSCompatibleVersions: 1.0, 2.0, 3.0, 4.0, 5.0, 5.1.26100.8457
BuildVersion: 10.0.26100.8457
CLRVersion: 4.0.30319.42000
WSManStackVersion: 3.0
PSRemotingProtocolVersion: 2.3
SerializationVersion: 1.1.0.1
**********************
Transcript started, output file is logs\shutdown_2026-05-23_002259.log
PS C:\Users\USER\Desktop\SLH\algo-bot> Write-Host "🌙 SLH FINAL NIGHT SHUTDOWN REPORT" -ForegroundColor Cyan
🌙 SLH FINAL NIGHT SHUTDOWN REPORT
PS C:\Users\USER\Desktop\SLH\algo-bot> Write-Host "Date: $(Get-Date -Format 'yyyy-MM-dd HH:mm:ss')"
Date: 2026-05-23 00:22:59
PS C:\Users\USER\Desktop\SLH\algo-bot> Write-Host ""

PS C:\Users\USER\Desktop\SLH\algo-bot> # תהליכים אחרונים
PS C:\Users\USER\Desktop\SLH\algo-bot> Write-Host "🔍 Active processes:" -ForegroundColor Yellow
🔍 Active processes:
PS C:\Users\USER\Desktop\SLH\algo-bot> Get-Process -Name "python","node","ngrok" -ErrorAction SilentlyContinue | Select-Object Id, ProcessName, StartTime | Format-Table -AutoSize

   Id ProcessName StartTime
   -- ----------- ---------
 6084 ngrok       5/23/2026 12:14:11 AM
 5888 node        5/23/2026 12:14:23 AM
 8704 node        5/23/2026 12:14:23 AM
13608 python      5/23/2026 12:14:16 AM
18056 python      5/23/2026 12:14:16 AM


PS C:\Users\USER\Desktop\SLH\algo-bot> # Docker
PS C:\Users\USER\Desktop\SLH\algo-bot> Write-Host "🐳 Docker status:" -ForegroundColor Yellow
🐳 Docker status:
PS C:\Users\USER\Desktop\SLH\algo-bot> docker ps -a
CONTAINER ID   IMAGE              COMMAND                 CREATED         STATUS         PORTS
               NAMESest: POST https://api.telegram.org/bot7591051736:AAFAjoDCYp8JDrKhP5F34fZjOyirvYuPsBk/sendMessage "HT
f56b63853127   algo-bot-slh-bot   "python main_live.py"   8 minutes ago   Up 8 minutes   0.0.0.0:8080->8080/tcp, [::]:80
80->8080/tcp   slh_bott: POST https://api.telegram.org/bot7591051736:AAFAjoDCYp8JDrKhP5F34fZjOyirvYuPsBk/getUpdates "HTT
P/1.1 200 OK"
PS C:\Users\USER\Desktop\SLH\algo-bot> # עצירה
PS C:\Users\USER\Desktop\SLH\algo-bot> Write-Host "`n🛑 Stopping all services..." -ForegroundColor Red

🛑 Stopping all services...
PS C:\Users\USER\Desktop\SLH\algo-bot> Get-Process -Name "ngrok","node","python","pythonw" -ErrorAction SilentlyContinue | Stop-Process -Force
PS C:\Users\USER\Desktop\SLH\algo-bot> docker-compose down 2>$null
docker-compose : [?25l[0G[+] down 0/1
At line:1 char:1
+ docker-compose down 2>$null
+ ~~~~~~~~~~~~~~~~~~~~~~~~~~~
    + CategoryInfo          : NotSpecified: ([?25l[0G[+] down 0/1:String) [], RemoteException
    + FullyQualifiedErrorId : NativeCommandError
 [33m-[0m Container slh_bot Stopping                                                                                  
     [34m0.1s[0m
[?25h[?25l[2A[0G[+] down 0/1
 [33m-[0m Container slh_bot Stopping                                                                                  
     [34m0.2s[0m
[?25h[?25l[2A[0G[+] down 0/1
 [33m-[0m Container slh_bot Stopping                                                                                  
     [34m0.3s[0m
[?25h[?25l[2A[0G[+] down 0/1
 [33m-[0m Container slh_bot Stopping                                                                                  
     [34m0.4s[0m
[?25h[?25l[2A[0G[+] down 0/1
 [33m-[0m Container slh_bot Stopping                                                                                  
     [34m0.5s[0m
[?25h[?25l[2A[0G[+] down 0/1
 [33m-[0m Container slh_bot Stopping                                                                                  
     [34m0.6s[0m
[?25h[?25l[2A[0G[+] down 0/1
 [33m-[0m Container slh_bot Removing                                                                                  
     [34m0.7s[0m
[?25h[?25l[2A[0G[+] down 1/2
 [32mΓ£פ[0m Container slh_bot        [32mRemoved[0m                                                                 
                [34m0.7s[0m
 [33m-[0m Network algo-bot_default Removing                                                                           
     [34m0.1s[0m
[?25h[?25l[3A[0G[+] down 1/2
 [32mΓ£פ[0m Container slh_bot        [32mRemoved[0m                                                                 
                [34m0.7s[0m
 [33m-[0m Network algo-bot_default Removing                                                                           
     [34m0.2s[0m
[?25h[?25l[3A[0G[+] down 1/2
 [32mΓ£פ[0m Container slh_bot        [32mRemoved[0m                                                                 
                [34m0.7s[0m
 [33m-[0m Network algo-bot_default Removing                                                                           
     [34m0.3s[0m
[?25h[?25l[3A[0G[+] down 2/2
 [32mΓ£פ[0m Container slh_bot        [32mRemoved[0m                                                                 
                [34m0.7s[0m
 [32mΓ£פ[0m Network algo-bot_default [32mRemoved[0m                                                                 
                [34m0.3s[0m
[?25h

PS C:\Users\USER\Desktop\SLH\algo-bot> Remove-Item "logs\*.lock" -Force -ErrorAction SilentlyContinue
PS C:\Users\USER\Desktop\SLH\algo-bot> Write-Host "`n✅ Services stopped. Shutting down computer in 30 seconds..." -ForegroundColor Green

✅ Services stopped. Shutting down computer in 30 seconds...
PS C:\Users\USER\Desktop\SLH\algo-bot> Stop-Transcript
**********************
Windows PowerShell transcript end
End time: 20260523002300
**********************
