**********************
Windows PowerShell transcript start
Start time: 20260522230933
Username: OSIF2\USER
RunAs User: OSIF2\USER
Configuration Name: 
Machine: OSIF2 (Microsoft Windows NT 10.0.26200.0)
Host Application: C:\Windows\System32\WindowsPowerShell\v1.0\powershell.exe
Process ID: 3876
PSVersion: 5.1.26100.8457
PSEdition: Desktop
PSCompatibleVersions: 1.0, 2.0, 3.0, 4.0, 5.0, 5.1.26100.8457
BuildVersion: 10.0.26100.8457
CLRVersion: 4.0.30319.42000
WSManStackVersion: 3.0
PSRemotingProtocolVersion: 2.3
SerializationVersion: 1.1.0.1
**********************
Transcript started, output file is logs\shutdown_2026-05-22_230933.log
PS C:\Users\USER\Desktop\SLH\algo-bot> Write-Host "=== SLH SHUTDOWN REPORT ===" -ForegroundColor Cyan
=== SLH SHUTDOWN REPORT ===
PS C:\Users\USER\Desktop\SLH\algo-bot> Write-Host "Time: $(Get-Date)" 
Time: 05/22/2026 23:09:33
PS C:\Users\USER\Desktop\SLH\algo-bot> Write-Host ""

PS C:\Users\USER\Desktop\SLH\algo-bot> # 1. רשימת תהליכים חשודים
PS C:\Users\USER\Desktop\SLH\algo-bot> Write-Host "🔍 Running Python/Node/Ngrok processes:" -ForegroundColor Yellow
🔍 Running Python/Node/Ngrok processes:
PS C:\Users\USER\Desktop\SLH\algo-bot> Get-Process -Name "python","pythonw","node","ngrok" -ErrorAction SilentlyContinue | Select-Object Id, ProcessName, StartTime | Format-Table -AutoSize

   Id ProcessName StartTime
   -- ----------- ---------
11564 ngrok       5/22/2026 11:07:56 PM
 1764 node        5/22/2026 11:08:10 PM
13412 node        5/22/2026 11:08:10 PM
 1532 python      5/22/2026 11:08:03 PM
10024 python      5/22/2026 11:08:03 PM
14448 python      5/22/2026 11:08:09 PM
14564 python      5/22/2026 11:08:09 PM


PS C:\Users\USER\Desktop\SLH\algo-bot> # 2. סטטוס Docker
PS C:\Users\USER\Desktop\SLH\algo-bot> Write-Host "`n🐳 Docker containers:" -ForegroundColor Yellow

🐳 Docker containers:
PS C:\Users\USER\Desktop\SLH\algo-bot> docker ps -a
failed to connect to the docker API at npipe:////./pipe/dockerDesktopLinuxEngine; check if the path is correct and if th
e daemon is running: open //./pipe/dockerDesktopLinuxEngine: The system cannot find the file specified.
PS C:\Users\USER\Desktop\SLH\algo-bot> # 3. Heartbeat אחרון
PS C:\Users\USER\Desktop\SLH\algo-bot> Write-Host "`n💓 Last heartbeat:" -ForegroundColor Yellow

💓 Last heartbeat:
PS C:\Users\USER\Desktop\SLH\algo-bot> if (Test-Path "logs\heartbeat.json") {
    Get-Content "logs\heartbeat.json" | ConvertFrom-Json | Select-Object agent, timestamp, status | Format-List
}
PS C:\Users\USER\Desktop\SLH\algo-bot> # 4. לוגים אחרונים של Docker
PS C:\Users\USER\Desktop\SLH\algo-bot> Write-Host "`n📋 Last Docker logs (tail 20):" -ForegroundColor Yellow

📋 Last Docker logs (tail 20):
PS C:\Users\USER\Desktop\SLH\algo-bot> docker logs --tail 20 slh_bot 2>&1
docker : failed to connect to the docker API at npipe:////./pipe/dockerDesktopLinuxEngine; check if the path is
correct and if the daemon is running: open //./pipe/dockerDesktopLinuxEngine: The system cannot find the file
specified.
At line:1 char:1
+ docker logs --tail 20 slh_bot 2>&1
+ ~~~~~~~~~~~~~~~~~~~~~~~~~~~~~~~~~~
    + CategoryInfo          : NotSpecified: (failed to conne...file specified.:String) [], RemoteException
    + FullyQualifiedErrorId : NativeCommandError

docker : failed to connect to the docker API at npipe:////./pipe/dockerDesktopLinuxEngine; check if the path is
correct and if the daemon is running: open //./pipe/dockerDesktopLinuxEngine: The system cannot find the file
specified.
At line:1 char:1
+ docker logs --tail 20 slh_bot 2>&1
+ ~~~~~~~~~~~~~~~~~~~~~~~~~~~~~~~~~~
    + CategoryInfo          : NotSpecified: (failed to conne...file specified.:String) [], RemoteException
    + FullyQualifiedErrorId : NativeCommandError
PS C:\Users\USER\Desktop\SLH\algo-bot> Write-Host "`n🛑 STOPPING ALL SERVICES..." -ForegroundColor Red

🛑 STOPPING ALL SERVICES...
PS C:\Users\USER\Desktop\SLH\algo-bot> # עצירה מלאה
PS C:\Users\USER\Desktop\SLH\algo-bot> Get-Process -Name "python","pythonw","node","ngrok" -ErrorAction SilentlyContinue | Stop-Process -Force
PS C:\Users\USER\Desktop\SLH\algo-bot> docker-compose down
failed to connect to the docker API at npipe:////./pipe/dockerDesktopLinuxEngine; check if the path is correct and if th
e daemon is running: open //./pipe/dockerDesktopLinuxEngine: The system cannot find the file specified.
PS C:\Users\USER\Desktop\SLH\algo-bot> Remove-Item "logs\*.lock" -Force -ErrorAction SilentlyContinue
PS C:\Users\USER\Desktop\SLH\algo-bot> Write-Host "`n✅ All services stopped. Shutdown report saved to: $ReportPath" -ForegroundColor Green

✅ All services stopped. Shutdown report saved to: logs\shutdown_2026-05-22_230933.log
PS C:\Users\USER\Desktop\SLH\algo-bot> Stop-Transcript
**********************
Windows PowerShell transcript end
End time: 20260522230934
**********************
