**********************
Windows PowerShell transcript start
Start time: 20260523001337
Username: OSIF2\USER
RunAs User: OSIF2\USER
Configuration Name: 
Machine: OSIF2 (Microsoft Windows NT 10.0.26200.0)
Host Application: C:\Windows\System32\WindowsPowerShell\v1.0\powershell.exe
Process ID: 10880
PSVersion: 5.1.26100.8457
PSEdition: Desktop
PSCompatibleVersions: 1.0, 2.0, 3.0, 4.0, 5.0, 5.1.26100.8457
BuildVersion: 10.0.26100.8457
CLRVersion: 4.0.30319.42000
WSManStackVersion: 3.0
PSRemotingProtocolVersion: 2.3
SerializationVersion: 1.1.0.1
**********************
Transcript started, output file is logs\shutdown_2026-05-23_001337.log
PS C:\Users\USER\Desktop\SLH\algo-bot> Write-Host "🌙 SLH NIGHT SHUTDOWN REPORT" -ForegroundColor Cyan
🌙 SLH NIGHT SHUTDOWN REPORT
PS C:\Users\USER\Desktop\SLH\algo-bot> Write-Host "Date: $(Get-Date -Format 'yyyy-MM-dd HH:mm:ss')"
Date: 2026-05-23 00:13:37
PS C:\Users\USER\Desktop\SLH\algo-bot> Write-Host ""

PS C:\Users\USER\Desktop\SLH\algo-bot> # תהליכים פעילים
PS C:\Users\USER\Desktop\SLH\algo-bot> Write-Host "🔍 Active processes:" -ForegroundColor Yellow
🔍 Active processes:
PS C:\Users\USER\Desktop\SLH\algo-bot> Get-Process -Name "python","node","ngrok" -ErrorAction SilentlyContinue | Select-Object Id, ProcessName, StartTime | Format-Table -AutoSize

   Id ProcessName StartTime
   -- ----------- ---------
15188 ngrok       5/23/2026 12:08:36 AM
 8468 node        5/23/2026 12:08:41 AM
14296 node        5/23/2026 12:08:41 AM


PS C:\Users\USER\Desktop\SLH\algo-bot> # Docker
PS C:\Users\USER\Desktop\SLH\algo-bot> Write-Host "🐳 Docker status:" -ForegroundColor Yellow
🐳 Docker status:
PS C:\Users\USER\Desktop\SLH\algo-bot> docker ps -a
CONTAINER ID   IMAGE              COMMAND                 CREATED         STATUS         PORTS
               NAMES
61290b6402d5   algo-bot-slh-bot   "python main_live.py"   5 minutes ago   Up 5 minutes   0.0.0.0:8080->8080/tcp, [::]:80
80->8080/tcp   slh_bot
PS C:\Users\USER\Desktop\SLH\algo-bot> # Heartbeat
PS C:\Users\USER\Desktop\SLH\algo-bot> Write-Host "💓 Last heartbeat:" -ForegroundColor Yellow
💓 Last heartbeat:
PS C:\Users\USER\Desktop\SLH\algo-bot> if (Test-Path "logs\heartbeat.json") {
    Get-Content "logs\heartbeat.json" | ConvertFrom-Json | Select-Object agent, timestamp, status | Format-List
}
PS C:\Users\USER\Desktop\SLH\algo-bot> # ====== 2. עצירת כל השירותים ======
PS C:\Users\USER\Desktop\SLH\algo-bot> Write-Host "`n🛑 Stopping all services..." -ForegroundColor Red

🛑 Stopping all services...
PS C:\Users\USER\Desktop\SLH\algo-bot> Get-Process -Name "ngrok","node","python","pythonw" -ErrorAction SilentlyContinue | Stop-Process -Force
PS C:\Users\USER\Desktop\SLH\algo-bot> docker-compose down 2>$null
docker-compose : [?25l[0G[+] down 0/1
At line:1 char:1
+ docker-compose down 2>$null
+ ~~~~~~~~~~~~~~~~~~~~~~~~~~~
    + CategoryInfo          : NotSpecified: ([?25l[0G[+] down 0/1:String) [], RemoteException
    + FullyQualifiedErrorId : NativeCommandError
 [33m-[0m Container slh_bot Stopping                                                                                  
     [34m0.1s[0m
[?25h[?25l[2A[0G[+] down 0/1
 [33m-[0m Container slh_bot Stopping                                                                                  
     [34m0.2s[0m
[?25h[?25l[2A[0G[+] down 0/1
 [33m-[0m Container slh_bot Stopping                                                                                  
     [34m0.3s[0m
[?25h[?25l[2A[0G[+] down 0/1
 [33m-[0m Container slh_bot Stopping                                                                                  
     [34m0.4s[0m
[?25h[?25l[2A[0G[+] down 0/1
 [33m-[0m Container slh_bot Stopping                                                                                  
     [34m0.5s[0m
[?25h[?25l[2A[0G[+] down 0/1
 [33m-[0m Container slh_bot Stopping                                                                                  
     [34m0.6s[0m
[?25h[?25l[2A[0G[+] down 0/1
 [33m-[0m Container slh_bot Stopping                                                                                  
     [34m0.7s[0m
[?25h[?25l[2A[0G[+] down 0/1
 [33m-[0m Container slh_bot Stopping                                                                                  
     [34m0.8s[0m
[?25h[?25l[2A[0G[+] down 0/1
 [33m-[0m Container slh_bot Stopping                                                                                  
     [34m0.9s[0m
[?25h[?25l[2A[0G[+] down 0/1
 [33m-[0m Container slh_bot Stopping                                                                                  
     [34m1.0s[0m
[?25h[?25l[2A[0G[+] down 0/1
 [33m-[0m Container slh_bot Stopping                                                                                  
     [34m1.1s[0m
[?25h[?25l[2A[0G[+] down 0/1
 [33m-[0m Container slh_bot Stopping                                                                                  
     [34m1.2s[0m
[?25h[?25l[2A[0G[+] down 0/1
 [33m-[0m Container slh_bot Stopping                                                                                  
     [34m1.3s[0m
[?25h[?25l[2A[0G[+] down 0/1
 [33m-[0m Container slh_bot Stopping                                                                                  
     [34m1.4s[0m
[?25h[?25l[2A[0G[+] down 0/1
 [33m-[0m Container slh_bot Removing                                                                                  
     [34m1.5s[0m
[?25h[?25l[2A[0G[+] down 1/2
 [32mΓ£פ[0m Container slh_bot        [32mRemoved[0m                                                                 
                [34m1.5s[0m
 [33m-[0m Network algo-bot_default Removing                                                                           
     [34m0.1s[0m
[?25h[?25l[3A[0G[+] down 1/2
 [32mΓ£פ[0m Container slh_bot        [32mRemoved[0m                                                                 
                [34m1.5s[0m
 [33m-[0m Network algo-bot_default Removing                                                                           
     [34m0.2s[0m
[?25h[?25l[3A[0G[+] down 1/2
 [32mΓ£פ[0m Container slh_bot        [32mRemoved[0m                                                                 
                [34m1.5s[0m
 [33m-[0m Network algo-bot_default Removing                                                                           
     [34m0.3s[0m
[?25h[?25l[3A[0G[+] down 2/2
 [32mΓ£פ[0m Container slh_bot        [32mRemoved[0m                                                                 
                [34m1.5s[0m
 [32mΓ£פ[0m Network algo-bot_default [32mRemoved[0m                                                                 
                [34m0.3s[0m
[?25h

PS C:\Users\USER\Desktop\SLH\algo-bot> Remove-Item "logs\*.lock" -Force -ErrorAction SilentlyContinue
PS C:\Users\USER\Desktop\SLH\algo-bot> Write-Host "`n✅ All services stopped." -ForegroundColor Green

✅ All services stopped.
PS C:\Users\USER\Desktop\SLH\algo-bot> Write-Host "Shutdown report saved to: $shutdownLog" -ForegroundColor Green
Shutdown report saved to: logs\shutdown_2026-05-23_001337.log
PS C:\Users\USER\Desktop\SLH\algo-bot> # ====== 3. כיבוי מחשב (הסר # לביצוע) ======
PS C:\Users\USER\Desktop\SLH\algo-bot> Stop-Transcript
**********************
Windows PowerShell transcript end
End time: 20260523001340
**********************
