**********************
Windows PowerShell transcript start
Start time: 20260522230945
Username: OSIF2\USER
RunAs User: OSIF2\USER
Configuration Name: 
Machine: OSIF2 (Microsoft Windows NT 10.0.26200.0)
Host Application: C:\Windows\System32\WindowsPowerShell\v1.0\powershell.exe
Process ID: 3876
PSVersion: 5.1.26100.8457
PSEdition: Desktop
PSCompatibleVersions: 1.0, 2.0, 3.0, 4.0, 5.0, 5.1.26100.8457
BuildVersion: 10.0.26100.8457
CLRVersion: 4.0.30319.42000
WSManStackVersion: 3.0
PSRemotingProtocolVersion: 2.3
SerializationVersion: 1.1.0.1
**********************
Transcript started, output file is logs\startup_2026-05-22_230945.log
PS C:\Users\USER\Desktop\SLH\algo-bot> Write-Host "=== SLH POST-BOOT DIAGNOSTIC ===" -ForegroundColor Cyan
=== SLH POST-BOOT DIAGNOSTIC ===
PS C:\Users\USER\Desktop\SLH\algo-bot> # 1. הרצת System Doctor
PS C:\Users\USER\Desktop\SLH\algo-bot> Write-Host "🩺 Running System Doctor..." -ForegroundColor Yellow
🩺 Running System Doctor...
PS C:\Users\USER\Desktop\SLH\algo-bot> & ".\slh-doctor.ps1"
========================================
     SLH SYSTEM DOCTOR - FINAL REPORT
     Date: 2026-05-22 23:09:45
========================================
[PASS] Docker running
[FAIL] Container not running
[PASS] Heartbeat: 23436.6s ago from MainBot
[PASS] Control API reachable
[PASS] AI Model loaded: XGBoost
[INFO] Supervisor running (external)

OVERALL: ALL SYSTEMS OPERATIONAL
Doctor log saved to logs\doctor.log
PS C:\Users\USER\Desktop\SLH\algo-bot> # 2. ניקוי locks ישנים
PS C:\Users\USER\Desktop\SLH\algo-bot> Remove-Item "logs\*.lock" -Force -ErrorAction SilentlyContinue
PS C:\Users\USER\Desktop\SLH\algo-bot> # 3. הפעלת שירותים
PS C:\Users\USER\Desktop\SLH\algo-bot> Write-Host "`n🚀 Starting Docker + Ngrok + Dashboard + Telegram (single bot)" -ForegroundColor Yellow

🚀 Starting Docker + Ngrok + Dashboard + Telegram (single bot)
PS C:\Users\USER\Desktop\SLH\algo-bot> docker-compose up -d
unable to get image 'algo-bot-slh-bot': failed to connect to the docker API at npipe:////./pipe/dockerDesktopLinuxEngine
; check if the path is correct and if the daemon is running: open //./pipe/dockerDesktopLinuxEngine: The system cannot f
ind the file specified.
PS C:\Users\USER\Desktop\SLH\algo-bot> Start-Sleep -Seconds 8
PS C:\Users\USER\Desktop\SLH\algo-bot> Start-Process -FilePath ".\ngrok.exe" -ArgumentList "http 8080" -WindowStyle Hidden
PS C:\Users\USER\Desktop\SLH\algo-bot> Start-Sleep -Seconds 7
PS C:\Users\USER\Desktop\SLH\algo-bot> # Telegram – רק main_telegram.py (ללא supervisor נפרד)
PS C:\Users\USER\Desktop\SLH\algo-bot> Start-Process -NoNewWindow -FilePath ".\venv\Scripts\python.exe" -ArgumentList "main_telegram.py"
PS C:\Users\USER\Desktop\SLH\algo-bot> Start-Sleep -Seconds 6
PS C:\Users\USER\Desktop\SLH\algo-bot> # Dashboard
PS C:\Users\USER\Desktop\SLH\algo-bot> Set-Location "C:\Users\USER\Desktop\SLH\frontend"
PS C:\Users\USER\Desktop\SLH\frontend> Get-Process -Name node -ErrorAction SilentlyContinue | Stop-Process -Force
PS C:\Users\USER\Desktop\SLH\frontend> Start-Process cmd -ArgumentList "/c npm run dev" -WindowStyle Minimized
PS C:\Users\USER\Desktop\SLH\frontend> Set-Location "C:\Users\USER\Desktop\SLH\algo-bot"
PS C:\Users\USER\Desktop\SLH\algo-bot> # 4. אימות סופי
PS C:\Users\USER\Desktop\SLH\algo-bot> Start-Sleep -Seconds 10
PS C:\Users\USER\Desktop\SLH\algo-bot> Write-Host "`n🔎 Health check:" -ForegroundColor Cyan

🔎 Health check:
PS C:\Users\USER\Desktop\SLH\algo-bot> docker ps | Select-String "slh_bot"
PS C:\Users\USER\Desktop\SLH\algo-bot> $telegramProc = Get-Process -Name "python" -ErrorAction SilentlyContinue | Where-Object {$_.CommandLine -like "*main_telegram.py*"}
PS C:\Users\USER\Desktop\SLH\algo-bot> if ($telegramProc) { Write-Host "✔ main_telegram.py running (PID: $($telegramProc.Id))" -ForegroundColor Green } else { Write-Host "❌ Telegram not running!" -ForegroundColor Red }
❌ Telegram not running!
PS C:\Users\USER\Desktop\SLH\algo-bot> Write-Host "`n✅ SYSTEM IS UP. Dashboard: http://localhost:3000" -ForegroundColor Green

✅ SYSTEM IS UP. Dashboard: http://localhost:3000
PS C:\Users\USER\Desktop\SLH\algo-bot> Stop-Transcript
**********************
Windows PowerShell transcript end
End time: 20260522231033
**********************
